// Jest Snapshot v1, https://goo.gl/fbAQLP

exports[`App snapshot tests App with mocked List should match snapshot 1`] = `
<div>
  EmployeeListMock
</div>
`;
