// Jest Snapshot v1, https://goo.gl/fbAQLP

exports[`Loader snapshot tests App with mocked List should match snapshot 1`] = `
<div>
  <div>
    Loader child
  </div>
</div>
`;
